Archive member included to satisfy reference by file (symbol)

c:/program files (x86)/atmel/studio/7.0/toolchain/avr8/avr8-gnu-toolchain/bin/../lib/gcc/avr/5.4.0/../../../../avr/lib/avr5\libm.a(acos.o)
                              prayerTimes.o (acos)
c:/program files (x86)/atmel/studio/7.0/toolchain/avr8/avr8-gnu-toolchain/bin/../lib/gcc/avr/5.4.0/../../../../avr/lib/avr5\libm.a(addsf3.o)
                              main.o (__subsf3)
c:/program files (x86)/atmel/studio/7.0/toolchain/avr8/avr8-gnu-toolchain/bin/../lib/gcc/avr/5.4.0/../../../../avr/lib/avr5\libm.a(addsf3x.o)
                              c:/program files (x86)/atmel/studio/7.0/toolchain/avr8/avr8-gnu-toolchain/bin/../lib/gcc/avr/5.4.0/../../../../avr/lib/avr5\libm.a(acos.o) (__addsf3x)
c:/program files (x86)/atmel/studio/7.0/toolchain/avr8/avr8-gnu-toolchain/bin/../lib/gcc/avr/5.4.0/../../../../avr/lib/avr5\libm.a(asin.o)
                              prayerTimes.o (asin)
c:/program files (x86)/atmel/studio/7.0/toolchain/avr8/avr8-gnu-toolchain/bin/../lib/gcc/avr/5.4.0/../../../../avr/lib/avr5\libm.a(atan2.o)
                              prayerTimes.o (atan2)
c:/program files (x86)/atmel/studio/7.0/toolchain/avr8/avr8-gnu-toolchain/bin/../lib/gcc/avr/5.4.0/../../../../avr/lib/avr5\libm.a(atan.o)
                              prayerTimes.o (atan)
c:/program files (x86)/atmel/studio/7.0/toolchain/avr8/avr8-gnu-toolchain/bin/../lib/gcc/avr/5.4.0/../../../../avr/lib/avr5\libm.a(cmpsf2.o)
                              main.o (__ltsf2)
c:/program files (x86)/atmel/studio/7.0/toolchain/avr8/avr8-gnu-toolchain/bin/../lib/gcc/avr/5.4.0/../../../../avr/lib/avr5\libm.a(cos.o)
                              prayerTimes.o (cos)
c:/program files (x86)/atmel/studio/7.0/toolchain/avr8/avr8-gnu-toolchain/bin/../lib/gcc/avr/5.4.0/../../../../avr/lib/avr5\libm.a(divsf3.o)
                              HijriConverter.o (__divsf3)
c:/program files (x86)/atmel/studio/7.0/toolchain/avr8/avr8-gnu-toolchain/bin/../lib/gcc/avr/5.4.0/../../../../avr/lib/avr5\libm.a(divsf3x.o)
                              c:/program files (x86)/atmel/studio/7.0/toolchain/avr8/avr8-gnu-toolchain/bin/../lib/gcc/avr/5.4.0/../../../../avr/lib/avr5\libm.a(divsf3.o) (__divsf3x)
c:/program files (x86)/atmel/studio/7.0/toolchain/avr8/avr8-gnu-toolchain/bin/../lib/gcc/avr/5.4.0/../../../../avr/lib/avr5\libm.a(fixsfsi.o)
                              HijriConverter.o (__fixsfsi)
c:/program files (x86)/atmel/studio/7.0/toolchain/avr8/avr8-gnu-toolchain/bin/../lib/gcc/avr/5.4.0/../../../../avr/lib/avr5\libm.a(fixunssfsi.o)
                              c:/program files (x86)/atmel/studio/7.0/toolchain/avr8/avr8-gnu-toolchain/bin/../lib/gcc/avr/5.4.0/../../../../avr/lib/avr5\libm.a(fixsfsi.o) (__fixunssfsi)
c:/program files (x86)/atmel/studio/7.0/toolchain/avr8/avr8-gnu-toolchain/bin/../lib/gcc/avr/5.4.0/../../../../avr/lib/avr5\libm.a(floatsisf.o)
                              HijriConverter.o (__floatunsisf)
c:/program files (x86)/atmel/studio/7.0/toolchain/avr8/avr8-gnu-toolchain/bin/../lib/gcc/avr/5.4.0/../../../../avr/lib/avr5\libm.a(floor.o)
                              main.o (floor)
c:/program files (x86)/atmel/studio/7.0/toolchain/avr8/avr8-gnu-toolchain/bin/../lib/gcc/avr/5.4.0/../../../../avr/lib/avr5\libm.a(fmax.o)
                              prayerTimes.o (fmax)
c:/program files (x86)/atmel/studio/7.0/toolchain/avr8/avr8-gnu-toolchain/bin/../lib/gcc/avr/5.4.0/../../../../avr/lib/avr5\libm.a(fmin.o)
                              prayerTimes.o (fmin)
c:/program files (x86)/atmel/studio/7.0/toolchain/avr8/avr8-gnu-toolchain/bin/../lib/gcc/avr/5.4.0/../../../../avr/lib/avr5\libm.a(fmod.o)
                              main.o (fmod)
c:/program files (x86)/atmel/studio/7.0/toolchain/avr8/avr8-gnu-toolchain/bin/../lib/gcc/avr/5.4.0/../../../../avr/lib/avr5\libm.a(fp_arccos.o)
                              c:/program files (x86)/atmel/studio/7.0/toolchain/avr8/avr8-gnu-toolchain/bin/../lib/gcc/avr/5.4.0/../../../../avr/lib/avr5\libm.a(acos.o) (__fp_arccos)
c:/program files (x86)/atmel/studio/7.0/toolchain/avr8/avr8-gnu-toolchain/bin/../lib/gcc/avr/5.4.0/../../../../avr/lib/avr5\libm.a(fp_cmp.o)
                              c:/program files (x86)/atmel/studio/7.0/toolchain/avr8/avr8-gnu-toolchain/bin/../lib/gcc/avr/5.4.0/../../../../avr/lib/avr5\libm.a(cmpsf2.o) (__fp_cmp)
c:/program files (x86)/atmel/studio/7.0/toolchain/avr8/avr8-gnu-toolchain/bin/../lib/gcc/avr/5.4.0/../../../../avr/lib/avr5\libm.a(fp_inf.o)
                              c:/program files (x86)/atmel/studio/7.0/toolchain/avr8/avr8-gnu-toolchain/bin/../lib/gcc/avr/5.4.0/../../../../avr/lib/avr5\libm.a(addsf3x.o) (__fp_inf)
c:/program files (x86)/atmel/studio/7.0/toolchain/avr8/avr8-gnu-toolchain/bin/../lib/gcc/avr/5.4.0/../../../../avr/lib/avr5\libm.a(fp_mintl.o)
[...]
Memory Configuration

Name             Origin             Length             Attributes
text             0x00000000         0x00008000         xr
data             0x00800060         0x00000800         rw !x
eeprom           0x00810000         0x00000400         rw !x
fuse             0x00820000         0x00000002         rw !x
lock             0x00830000         0x00000400         rw !x
signature        0x00840000         0x00000400         rw !x
user_signatures  0x00850000         0x00000400         rw !x
*default*        0x00000000         0xffffffff

Linker script and memory map

LOAD C:/Program Files (x86)/Atmel/Studio/7.0/Packs/atmel/ATmega_DFP/1.7.374/gcc/dev/atmega32/avr5/crtatmega32.o
LOAD EEPROM_driver.o
LOAD HijriConverter.o
LOAD USART.o
LOAD DIO.o
LOAD DS3231.o
LOAD I2C.o
LOAD main.o
LOAD prayerTimes.o
LOAD seven_segment.o
LOAD SHIFTREGISTER.o
START GROUP
LOAD c:/program files (x86)/atmel/studio/7.0/toolchain/avr8/avr8-gnu-toolchain/bin/../lib/gcc/avr/5.4.0/../../../../avr/lib/avr5\libm.a
END GROUP
START GROUP
LOAD c:/program files (x86)/atmel/studio/7.0/toolchain/avr8/avr8-gnu-toolchain/bin/../lib/gcc/avr/5.4.0/avr5\libgcc.a
LOAD c:/program files (x86)/atmel/studio/7.0/toolchain/avr8/avr8-gnu-toolchain/bin/../lib/gcc/avr/5.4.0/../../../../avr/lib/avr5\libm.a
LOAD c:/program files (x86)/atmel/studio/7.0/toolchain/avr8/avr8-gnu-toolchain/bin/../lib/gcc/avr/5.4.0/../../../../avr/lib/avr5\libc.a
LOAD C:/Program Files (x86)/Atmel/Studio/7.0/Packs/atmel/ATmega_DFP/1.7.374/gcc/dev/atmega32/avr5\libatmega32.a
END GROUP
                0x00000000                __TEXT_REGION_ORIGIN__ = DEFINED (__TEXT_REGION_ORIGIN__)?__TEXT_REGION_ORIGIN__:0x0
                [0x00800060]                __DATA_REGION_ORIGIN__ = DEFINED (__DATA_REGION_ORIGIN__)?__DATA_REGION_ORIGIN__:0x800060
                [0x00008000]                __TEXT_REGION_LENGTH__ = DEFINED (__TEXT_REGION_LENGTH__)?__TEXT_REGION_LENGTH__:0x20000
                [0x00000800]                __DATA_REGION_LENGTH__ = DEFINED (__DATA_REGION_LENGTH__)?__DATA_REGION_LENGTH__:0xffa0
                [0x00000400]                __EEPROM_REGION_LENGTH__ = DEFINED (__EEPROM_REGION_LENGTH__)?__EEPROM_REGION_LENGTH__:0x10000
                [0x00000002]                __FUSE_REGION_LENGTH__ = DEFINED (__FUSE_REGION_LENGTH__)?__FUSE_REGION_LENGTH__:0x400
                0x00000400                __LOCK_REGION_LENGTH__ = DEFINED (__LOCK_REGION_LENGTH__)?__LOCK_REGION_LENGTH__:0x400
                0x00000400                __SIGNATURE_REGION_LENGTH__ = DEFINED (__SIGNATURE_REGION_LENGTH__)?__SIGNATURE_REGION_LENGTH__:0x400
                0x00000400                __USER_SIGNATURE_REGION_LENGTH__ = DEFINED (__USER_SIGNATURE_REGION_LENGTH__)?__USER_SIGNATURE_REGION_LENGTH__:0x400

.hash
 *(.hash)

.dynsym
 *(.dynsym)

.dynstr
 *(.dynstr)

.gnu.version
 *(.gnu.version)

.gnu.version_d
 *(.gnu.version_d)

.gnu.version_r
 *(.gnu.version_r)

.rel.init
 *(.rel.init)

.rela.init
 *(.rela.init)

.rel.text
 *(.rel.text)
 *(.rel.text.*)
 *(.rel.gnu.linkonce.t*)

.rela.text
 *(.rela.text)
 *(.rela.text.*)
 *(.rela.gnu.linkonce.t*)

.rel.fini
 *(.rel.fini)

.rela.fini
 *(.rela.fini)

.rel.rodata
 *(.rel.rodata)
 *(.rel.rodata.*)
 *(.rel.gnu.linkonce.r*)

.rela.rodata
 *(.rela.rodata)
 *(.rela.rodata.*)
 *(.rela.gnu.linkonce.r*)

.rel.data
 *(.rel.data)
 *(.rel.data.*)
 *(.rel.gnu.linkonce.d*)

.rela.data
 *(.rela.data)
 *(.rela.data.*)
 *(.rela.gnu.linkonce.d*)

.rel.ctors
 *(.rel.ctors)

.rela.ctors
 *(.rela.ctors)

.rel.dtors
 *(.rel.dtors)

.rela.dtors
 *(.rela.dtors)

.rel.got
 *(.rel.got)

.rela.got
 *(.rela.got)

.rel.bss
 *(.rel.bss)

.rela.bss
 *(.rela.bss)

.rel.plt
 *(.rel.plt)

.rela.plt
 *(.rela.plt)

.text           0x00000000     0x35e6
 *(.vectors)
 .vectors       0x00000000       0x54 C:/Program Files (x86)/Atmel/Studio/7.0/Packs/atmel/ATmega_DFP/1.7.374/gcc/dev/atmega32/avr5/crtatmega32.o
                0x00000000                __vector_default
                0x00000000                __vectors
 *(.vectors)
 *(.progmem.gcc*)
 .progmem.gcc_fplib
                0x00000054       0x14 c:/program files (x86)/atmel/studio/7.0/toolchain/avr8/avr8-gnu-toolchain/bin/../lib/gcc/avr/5.4.0/../../../../avr/lib/avr5\libm.a(asin.o)
 .progmem.gcc_fplib
                0x00000068       0x2d c:/program files (x86)/atmel/studio/7.0/toolchain/avr8/avr8-gnu-toolchain/bin/../lib/gcc/avr/5.4.0/../../../../avr/lib/avr5\libm.a(atan.o)
 .progmem.gcc_fplib
                0x00000095       0x28 c:/program files (x86)/atmel/studio/7.0/toolchain/avr8/avr8-gnu-toolchain/bin/../lib/gcc/avr/5.4.0/../../../../avr/lib/avr5\libm.a(fp_arccos.o)
 .progmem.gcc_fplib
                0x000000bd       0x1e c:/program files (x86)/atmel/studio/7.0/toolchain/avr8/avr8-gnu-toolchain/bin/../lib/gcc/avr/5.4.0/../../../../avr/lib/avr5\libm.a(fp_sinus.o)
 .progmem.gcc_fplib
                0x000000db       0x23 c:/program files (x86)/atmel/studio/7.0/toolchain/avr8/avr8-gnu-toolchain/bin/../lib/gcc/avr/5.4.0/../../../../avr/lib/avr5\libm.a(tan.o)
                0x000000fe                . = ALIGN (0x2)
                0x000000fe                __trampolines_start = .
 *(.trampolines)
 .trampolines   0x000000fe        0x0 linker stubs
 *(.trampolines*)
                0x000000fe                __trampolines_end = .
 *libprintf_flt.a:*(.progmem.data)
 *libc.a:*(.progmem.data)
 .progmem.data  0x000000fe        0xc c:/program files (x86)/atmel/studio/7.0/toolchain/avr8/avr8-gnu-toolchain/bin/../lib/gcc/avr/5.4.0/../../../../avr/lib/avr5\libc.a(vfscanf_std.o)
 *(.progmem*)
                0x0000010a                . = ALIGN (0x2)
 *(.jumptables)
 *(.jumptables*)
 *(.lowtext)
 *(.lowtext*)
                0x0000010a                __ctors_start = .
 *(.ctors)
                0x0000010a                __ctors_end = .
                0x0000010a                __dtors_start = .
 *(.dtors)
                0x0000010a                __dtors_end = .
 SORT(*)(.ctors)
 SORT(*)(.dtors)
 *(.init0)
 .init0         0x0000010a        0x0 C:/Program Files (x86)/Atmel/Studio/7.0/Packs/atmel/ATmega_DFP/1.7.374/gcc/dev/atmega32/avr5/crtatmega32.o
                0x0000010a                __init
 *(.init0)
 *(.init1)
 *(.init1)
 *(.init2)
 .init2         0x0000010a        0xc C:/Program Files (x86)/Atmel/Studio/7.0/Packs/atmel/ATmega_DFP/1.7.374/gcc/dev/atmega32/avr5/crtatmega32.o
 *(.init2)
 *(.init3)
 *(.init3)
 *(.init4)
 .init4         0x00000116       0x16 c:/program files (x86)/atmel/studio/7.0/toolchain/avr8/avr8-gnu-toolchain/bin/../lib/gcc/avr/5.4.0/avr5\libgcc.a(_copy_data.o)
                0x00000116                __do_copy_data
 .init4         0x0000012c       0x10 c:/program files (x86)/atmel/studio/7.0/toolchain/avr8/avr8-gnu-toolchain/bin/../lib/gcc/avr/5.4.0/avr5\libgcc.a(_clear_bss.o)
                0x0000012c                __do_clear_bss
 *(.init4)
 *(.init5)
 *(.init5)
 *(.init6)
 *(.init6)
 *(.init7)
 *(.init7)
 *(.init8)
 *(.init8)
 *(.init9)
 .init9         0x0000013c        0x8 C:/Program Files (x86)/Atmel/Studio/7.0/Packs/atmel/ATmega_DFP/1.7.374/gcc/dev/atmega32/avr5/crtatmega32.o
 *(.init9)
 *(.text)
 .text          0x00000144        0x4 C:/Program Files (x86)/Atmel/Studio/7.0/Packs/atmel/ATmega_DFP/1.7.374/gcc/dev/atmega32/avr5/crtatmega32.o
                0x00000144                __vector_12
                0x00000144                __bad_interrupt
                0x00000144                __vector_6
                0x00000144                __vector_3
                0x00000144                __vector_11
                0x00000144                __vector_13
                0x00000144                __vector_17
                0x00000144                __vector_19
                0x00000144                __vector_7
                0x00000144                __vector_5
                0x00000144                __vector_4
                0x00000144                __vector_9
                0x00000144                __vector_2
                0x00000144                __vector_15
                0x00000144                __vector_8
                0x00000144                __vector_14
                0x00000144                __vector_16
                0x00000144                __vector_18
                0x00000144                __vector_20
                0x00000148                . = ALIGN (0x2)
 *(.text.*)
 .text.EEPROM_write
                0x00000148       0x10 EEPROM_driver.o
                0x00000148                EEPROM_write
 .text.EEPROM_read
                0x00000158        0xa EEPROM_driver.o
                0x00000158                EEPROM_read
 .text.gregorianToJD
                0x00000162       0xf2 HijriConverter.o
                0x00000162                gregorianToJD
 .text.jdToHijri
                0x00000254      0x220 HijriConverter.o
                0x00000254                jdToHijri
 .text.convertToHijriWithOffset
                0x00000474       0x56 HijriConverter.o
                0x00000474                convertToHijriWithOffset
 .text.UART_vInit
                0x000004ca       0x46 USART.o
                0x000004ca                UART_vInit
 .text.UART_u8ReceiveData
                0x00000510        0x6 USART.o
                0x00000510                UART_u8ReceiveData
 .text.DIO_vsetPINDir
                0x00000516       0xe0 DIO.o
                0x00000516                DIO_vsetPINDir
 .text.DIO_write
                0x000005f6       0xe0 DIO.o
                0x000005f6                DIO_write
 .text.DIO_u8read
                0x000006d6       0xaa DIO.o
                0x000006d6                DIO_u8read
 .text.DIO_set_port_direction
                0x00000780       0x26 DIO.o
                0x00000780                DIO_set_port_direction
 .text.DIO_write_port
                0x000007a6       0x26 DIO.o
                0x000007a6                DIO_write_port
 .text.DecimalToBCD
                0x000007cc       0x26 DS3231.o
 .text.BCDToDecimal
                0x000007f2       0x16 DS3231.o
 .text.RTC_SetTime
                0x00000808       0x46 DS3231.o
                0x00000808                RTC_SetTime
 .text.RTC_GetTime
                0x0000084e       0x60 DS3231.o
                0x0000084e                RTC_GetTime
 .text.RTC_SetDate
                0x000008ae       0x56 DS3231.o
                0x000008ae                RTC_SetDate
 .text.RTC_GetDate
                0x00000904       0x76 DS3231.o
                0x00000904                RTC_GetDate
 .text.RTC_GetDayOfWeek
                0x0000097a       0x30 DS3231.o
                0x0000097a                RTC_GetDayOfWeek
 .text.RTC_EnableAlarm1
                0x000009aa       0x48 DS3231.o
                0x000009aa                RTC_EnableAlarm1
 .text.RTC_ClearAlarm1Flag
                0x000009f2       0x46 DS3231.o
                0x000009f2                RTC_ClearAlarm1Flag
 .text.RTC_SetAlarm1
                0x00000a38       0x4a DS3231.o
                0x00000a38                RTC_SetAlarm1
 .text.DS3231_GetTemperature
                0x00000a82       0x30 DS3231.o
                0x00000a82                DS3231_GetTemperature
 .text.RTC_DisableAlarm1
                0x00000ab2       0x46 DS3231.o
                0x00000ab2                RTC_DisableAlarm1
 .text.I2C_Master_init
                0x00000af8       0x28 I2C.o
                0x00000af8                I2C_Master_init
 .text.I2C_start
                0x00000b20        0xc I2C.o
                0x00000b20                I2C_start
 .text.I2C_repeated_start
                0x00000b2c        0xc I2C.o
                0x00000b2c                I2C_repeated_start
 .text.I2C_write_address
                0x00000b38        0xe I2C.o
                0x00000b38                I2C_write_address
 .text.I2C_write_data
                0x00000b46        0xe I2C.o
                0x00000b46                I2C_write_data
 .text.I2C_stop
                0x00000b54        0x6 I2C.o
                0x00000b54                I2C_stop
 .text.I2C_read_with_ACK
                0x00000b5a        0xe I2C.o
                0x00000b5a                I2C_read_with_ACK
 .text.I2C_read_with_NACK
                0x00000b68        0xe I2C.o
                0x00000b68                I2C_read_with_NACK
 .text.timer0_init_ctc_mode
                0x00000b76       0x16 main.o
                0x00000b76                timer0_init_ctc_mode
 .text.play_feedback_tone
                0x00000b8c       0x2a main.o
                0x00000b8c                play_feedback_tone
 .text.stop_alarm_and_feedback
                0x00000bb6       0x2c main.o
                0x00000bb6                stop_alarm_and_feedback
 .text.play_alarm_tone
                0x00000be2       0x68 main.o
                0x00000be2                play_alarm_tone
 .text.update_date_display
                0x00000c4a      0x1d8 main.o
                0x00000c4a                update_date_display
 .text.update_prayer_and_day_leds
                0x00000e22       0x42 main.o
                0x00000e22                update_prayer_and_day_leds
 .text.update_display_array
                0x00000e64       0xe4 main.o
                0x00000e64                update_display_array
 .text.timeToHM
                0x00000f48       0xee main.o
                0x00000f48                timeToHM
 .text.update_prayer_times_today
                0x00001036      0x144 main.o
                0x00001036                update_prayer_times_today
 .text.clear_shiftregister
                0x0000117a       0x12 main.o
                0x0000117a                clear_shiftregister
 .text.disable_display
                0x0000118c       0x12 main.o
                0x0000118c                disable_display
 .text.enable_display
                0x0000119e       0x10 main.o
                0x0000119e                enable_display
 .text.process_uart_command
                0x000011ae      0x2fa main.o
                0x000011ae                process_uart_command
 .text.__vector_10
                0x000014a8      0x276 main.o
                0x000014a8                __vector_10
 .text.__vector_1
                0x0000171e       0x6c main.o
                0x0000171e                __vector_1
 .text.main     0x0000178a      0x278 main.o
                0x0000178a                main
 .text.fixAngle
                0x00001a02       0x58 prayerTimes.o
 .text.fixHour  0x00001a5a       0x58 prayerTimes.o
 .text.julianDate
                0x00001ab2      0x12a prayerTimes.o
                0x00001ab2                julianDate
 .text.sunPosition
                0x00001bdc      0x222 prayerTimes.o
                0x00001bdc                sunPosition
 .text.hourAngle
                0x00001dfe      0x138 prayerTimes.o
                0x00001dfe                hourAngle
 .text.calcPrayers
                0x00001f36      0x2ea prayerTimes.o
                0x00001f36                calcPrayers
 .text.seven_seg_vinit
                0x00002220        0x8 seven_segment.o
                0x00002220                seven_seg_vinit
 .text.seven_seg_write
                0x00002228       0x4a seven_segment.o
                0x00002228                seven_seg_write
 .text.seven_seg_vinitT
                0x00002272       0x48 seven_segment.o
                0x00002272                seven_seg_vinitT
 .text.seven_seg_writeT
                0x000022ba       0x4e seven_segment.o
                0x000022ba                seven_seg_writeT
 .text.shift_register_init
                0x00002308       0x20 SHIFTREGISTER.o
                0x00002308                shift_register_init
 .text.shift_register_send_16bit
                0x00002328       0x62 SHIFTREGISTER.o
                0x00002328                shift_register_send_16bit
 .text.shift_registers_init16
                0x0000238a       0x20 SHIFTREGISTER.o
                0x0000238a                shift_registers_init16
 .text.shift_register_send_digit_select16
                0x000023aa       0x62 SHIFTREGISTER.o
                0x000023aa                shift_register_send_digit_select16
 .text.avr-libc.fplib
                0x0000240c       0x22 c:/program files (x86)/atmel/studio/7.0/toolchain/avr8/avr8-gnu-toolchain/bin/../lib/gcc/avr/5.4.0/../../../../avr/lib/avr5\libm.a(acos.o)
                0x0000240c                acos
 .text.avr-libc.fplib
                0x0000242e        0xe c:/program files (x86)/atmel/studio/7.0/toolchain/avr8/avr8-gnu-toolchain/bin/../lib/gcc/avr/5.4.0/../../../../avr/lib/avr5\libm.a(addsf3.o)
                0x0000242e                __subsf3
                0x00002430                __addsf3
 .text.avr-libc.fplib
                0x0000243c       0xcc c:/program files (x86)/atmel/studio/7.0/toolchain/avr8/avr8-gnu-toolchain/bin/../lib/gcc/avr/5.4.0/../../../../avr/lib/avr5\libm.a(addsf3x.o)
                0x0000245e                __addsf3x
 .text.avr-libc.fplib
                0x00002508       0x36 c:/program files (x86)/atmel/studio/7.0/toolchain/avr8/avr8-gnu-toolchain/bin/../lib/gcc/avr/5.4.0/../../../../avr/lib/avr5\libm.a(asin.o)
                0x00002508                asin
 .text.avr-libc.fplib
                0x0000253e       0x86 c:/program files (x86)/atmel/studio/7.0/toolchain/avr8/avr8-gnu-toolchain/bin/../lib/gcc/avr/5.4.0/../../../../avr/lib/avr5\libm.a(atan2.o)
                0x00002564                atan2
 .text.avr-libc.fplib
                0x000025c4       0x5e c:/program files (x86)/atmel/studio/7.0/toolchain/avr8/avr8-gnu-toolchain/bin/../lib/gcc/avr/5.4.0/../../../../avr/lib/avr5\libm.a(atan.o)
                0x000025c4                atan
 .text.avr-libc.fplib
                0x00002622        0xa c:/program files (x86)/atmel/studio/7.0/toolchain/avr8/avr8-gnu-toolchain/bin/../lib/gcc/avr/5.4.0/../../../../avr/lib/avr5\libm.a(cmpsf2.o)
                0x00002622                __nesf2
                0x00002622                __eqsf2
                0x00002622                __cmpsf2
                0x00002622                __ltsf2
                0x00002622                __lesf2
 .text.avr-libc.fplib
                0x0000262c        0xa c:/program files (x86)/atmel/studio/7.0/toolchain/avr8/avr8-gnu-toolchain/bin/../lib/gcc/avr/5.4.0/../../../../avr/lib/avr5\libm.a(cos.o)
                0x0000262c                cos
 .text.avr-libc.fplib
                0x00002636        0x8 c:/program files (x86)/atmel/studio/7.0/toolchain/avr8/avr8-gnu-toolchain/bin/../lib/gcc/avr/5.4.0/../../../../avr/lib/avr5\libm.a(divsf3.o)
                0x00002636                __divsf3
 .text.avr-libc.fplib
                0x0000263e       0xdc c:/program files (x86)/atmel/studio/7.0/toolchain/avr8/avr8-gnu-toolchain/bin/../lib/gcc/avr/5.4.0/../../../../avr/lib/avr5\libm.a(divsf3x.o)
                0x0000265e                __divsf3x
                0x00002664                __divsf3_pse
 .text.avr-libc.fplib
                0x0000271a        0xe c:/program files (x86)/atmel/studio/7.0/toolchain/avr8/avr8-gnu-toolchain/bin/../lib/gcc/avr/5.4.0/../../../../avr/lib/avr5\libm.a(fixsfsi.o)
                0x0000271a                __fixsfsi
 .text.avr-libc.fplib
                0x00002728       0x5e c:/program files (x86)/atmel/studio/7.0/toolchain/avr8/avr8-gnu-toolchain/bin/../lib/gcc/avr/5.4.0/../../../../avr/lib/avr5\libm.a(fixunssfsi.o)
                0x00002728                __fixunssfsi
 .text.avr-libc.fplib
                0x00002786       0x7a c:/program files (x86)/atmel/studio/7.0/toolchain/avr8/avr8-gnu-toolchain/bin/../lib/gcc/avr/5.4.0/../../../../avr/lib/avr5\libm.a(floatsisf.o)
                0x00002786                __floatunsisf
                0x0000278a                __floatsisf
 .text.avr-libc.fplib
                0x00002800       0x2e c:/program files (x86)/atmel/studio/7.0/toolchain/avr8/avr8-gnu-toolchain/bin/../lib/gcc/avr/5.4.0/../../../../avr/lib/avr5\libm.a(floor.o)
                0x00002800                floor
 .text.avr-libc.fplib
                0x0000282e       0x3e c:/program files (x86)/atmel/studio/7.0/toolchain/avr8/avr8-gnu-toolchain/bin/../lib/gcc/avr/5.4.0/../../../../avr/lib/avr5\libm.a(fmax.o)
                0x0000282e                fmax
 .text.avr-libc.fplib
                0x0000286c       0x3e c:/program files (x86)/atmel/studio/7.0/toolchain/avr8/avr8-gnu-toolchain/bin/../lib/gcc/avr/5.4.0/../../../../avr/lib/avr5\libm.a(fmin.o)
                0x0000286c                fmin
 .text.avr-libc.fplib
                0x000028aa       0xa8 c:/program files (x86)/atmel/studio/7.0/toolchain/avr8/avr8-gnu-toolchain/bin/../lib/gcc/avr/5.4.0/../../../../avr/lib/avr5\libm.a(fmod.o)
                0x000028c0                fmod
 .text.avr-libc.fplib
                0x00002952       0x40 c:/program files (x86)/atmel/studio/7.0/toolchain/avr8/avr8-gnu-toolchain/bin/../lib/gcc/avr/5.4.0/../../../../avr/lib/avr5\libm.a(fp_arccos.o)
                0x00002952                __fp_arccos
 .text.avr-libc.fplib
                0x00002992       0x48 c:/program files (x86)/atmel/studio/7.0/toolchain/avr8/avr8-gnu-toolchain/bin/../lib/gcc/avr/5.4.0/../../../../avr/lib/avr5\libm.a(fp_cmp.o)
                0x00002992                __fp_cmp
 .text.avr-libc.fplib
                0x000029da        0xc c:/program files (x86)/atmel/studio/7.0/toolchain/avr8/avr8-gnu-toolchain/bin/../lib/gcc/avr/5.4.0/../../../../avr/lib/avr5\libm.a(fp_inf.o)
                0x000029da                __fp_inf
 .text.avr-libc.fplib
                0x000029e6       0x36 c:/program files (x86)/atmel/studio/7.0/toolchain/avr8/avr8-gnu-toolchain/bin/../lib/gcc/avr/5.4.0/../../../../avr/lib/avr5\libm.a(fp_mintl.o)
                0x000029e6                __fp_mintl
 .text.avr-libc.fplib
                0x00002a1c       0x1c c:/program files (x86)/atmel/studio/7.0/toolchain/avr8/avr8-gnu-toolchain/bin/../lib/gcc/avr/5.4.0/../../../../avr/lib/avr5\libm.a(fp_mpack.o)
                0x00002a1c                __fp_mpack
                0x00002a20                __fp_mpack_finite
 .text.avr-libc.fplib
                0x00002a38        0x6 c:/program files (x86)/atmel/studio/7.0/toolchain/avr8/avr8-gnu-toolchain/bin/../lib/gcc/avr/5.4.0/../../../../avr/lib/avr5\libm.a(fp_nan.o)
                0x00002a38                __fp_nan
 .text.avr-libc.fplib
                0x00002a3e       0x4e c:/program files (x86)/atmel/studio/7.0/toolchain/avr8/avr8-gnu-toolchain/bin/../lib/gcc/avr/5.4.0/../../../../avr/lib/avr5\libm.a(fp_powser.o)
                0x00002a3e                __fp_powser
 .text.avr-libc.fplib
                0x00002a8c       0x28 c:/program files (x86)/atmel/studio/7.0/toolchain/avr8/avr8-gnu-toolchain/bin/../lib/gcc/avr/5.4.0/../../../../avr/lib/avr5\libm.a(fp_powsodd.o)
                0x00002a8c                __fp_powsodd
 .text.avr-libc.fplib
                0x00002ab4        0xe c:/program files (x86)/atmel/studio/7.0/toolchain/avr8/avr8-gnu-toolchain/bin/../lib/gcc/avr/5.4.0/../../../../avr/lib/avr5\libm.a(fp_pscA.o)
                0x00002ab4                __fp_pscA
 .text.avr-libc.fplib
                0x00002ac2        0xe c:/program files (x86)/atmel/studio/7.0/toolchain/avr8/avr8-gnu-toolchain/bin/../lib/gcc/avr/5.4.0/../../../../avr/lib/avr5\libm.a(fp_pscB.o)
                0x00002ac2                __fp_pscB
 .text.avr-libc.fplib
                0x00002ad0       0x56 c:/program files (x86)/atmel/studio/7.0/toolchain/avr8/avr8-gnu-toolchain/bin/../lib/gcc/avr/5.4.0/../../../../avr/lib/avr5\libm.a(fp_rempio2.o)
                0x00002ad4                __fp_rempio2
 .text.avr-libc.fplib
                0x00002b26       0x22 c:/program files (x86)/atmel/studio/7.0/toolchain/avr8/avr8-gnu-toolchain/bin/../lib/gcc/avr/5.4.0/../../../../avr/lib/avr5\libm.a(fp_round.o)
                0x00002b26                __fp_round
 .text.avr-libc.fplib
                0x00002b48       0x28 c:/program files (x86)/atmel/studio/7.0/toolchain/avr8/avr8-gnu-toolchain/bin/../lib/gcc/avr/5.4.0/../../../../avr/lib/avr5\libm.a(fp_sinus.o)
                0x00002b48                __fp_sinus
 .text.avr-libc.fplib
                0x00002b70       0x44 c:/program files (x86)/atmel/studio/7.0/toolchain/avr8/avr8-gnu-toolchain/bin/../lib/gcc/avr/5.4.0/../../../../avr/lib/avr5\libm.a(fp_split3.o)
                0x00002b70                __fp_split3
                0x00002b80                __fp_splitA
 .text.avr-libc.fplib
                0x00002bb4       0x30 c:/program files (x86)/atmel/studio/7.0/toolchain/avr8/avr8-gnu-toolchain/bin/../lib/gcc/avr/5.4.0/../../../../avr/lib/avr5\libm.a(fp_trunc.o)
                0x00002bb4                __fp_trunc
 .text.avr-libc.fplib
                0x00002be4        0xe c:/program files (x86)/atmel/studio/7.0/toolchain/avr8/avr8-gnu-toolchain/bin/../lib/gcc/avr/5.4.0/../../../../avr/lib/avr5\libm.a(fp_zero.o)
                0x00002be4                __fp_zero
                0x00002be6                __fp_szero
 .text.avr-libc.fplib
                0x00002bf2       0x10 c:/program files (x86)/atmel/studio/7.0/toolchain/avr8/avr8-gnu-toolchain/bin/../lib/gcc/avr/5.4.0/../../../../avr/lib/avr5\libm.a(inverse.o)
                0x00002bf2                inverse
 .text.avr-libc.fplib
                0x00002c02        0x8 c:/program files (x86)/atmel/studio/7.0/toolchain/avr8/avr8-gnu-toolchain/bin/../lib/gcc/avr/5.4.0/../../../../avr/lib/avr5\libm.a(mulsf3.o)
                0x00002c02                __mulsf3
 .text.avr-libc.fplib
                0x00002c0a       0xd2 c:/program files (x86)/atmel/studio/7.0/toolchain/avr8/avr8-gnu-toolchain/bin/../lib/gcc/avr/5.4.0/../../../../avr/lib/avr5\libm.a(mulsf3x.o)
                0x00002c28                __mulsf3x
                0x00002c2e                __mulsf3_pse
 .text.avr-libc.fplib
                0x00002cdc       0x10 c:/program files (x86)/atmel/studio/7.0/toolchain/avr8/avr8-gnu-toolchain/bin/../lib/gcc/avr/5.4.0/../../../../avr/lib/avr5\libm.a(sin.o)
                0x00002cdc                sin
 .text.avr-libc.fplib
                0x00002cec       0x8c c:/program files (x86)/atmel/studio/7.0/toolchain/avr8/avr8-gnu-toolchain/bin/../lib/gcc/avr/5.4.0/../../../../avr/lib/avr5\libm.a(sqrt.o)
                0x00002cf8                sqrtf
                0x00002cf8                sqrt
 .text.avr-libc.fplib
                0x00002d78        0x8 c:/program files (x86)/atmel/studio/7.0/toolchain/avr8/avr8-gnu-toolchain/bin/../lib/gcc/avr/5.4.0/../../../../avr/lib/avr5\libm.a(square.o)
                0x00002d78                square
 .text.avr-libc.fplib
                0x00002d80       0x4a c:/program files (x86)/atmel/studio/7.0/toolchain/avr8/avr8-gnu-toolchain/bin/../lib/gcc/avr/5.4.0/../../../../avr/lib/avr5\libm.a(tan.o)
                0x00002d80                tan
 .text.avr-libc.fplib
                0x00002dca        0xe c:/program files (x86)/atmel/studio/7.0/toolchain/avr8/avr8-gnu-toolchain/bin/../lib/gcc/avr/5.4.0/../../../../avr/lib/avr5\libm.a(fp_norm2.o)
                0x00002dca                __fp_norm2
 .text.libgcc.div
                0x00002dd8       0x28 c:/program files (x86)/atmel/studio/7.0/toolchain/avr8/avr8-gnu-toolchain/bin/../lib/gcc/avr/5.4.0/avr5\libgcc.a(_divmodhi4.o)
                0x00002dd8                _div
                0x00002dd8                __divmodhi4
 .text.libgcc.div
                0x00002e00       0x44 c:/program files (x86)/atmel/studio/7.0/toolchain/avr8/avr8-gnu-toolchain/bin/../lib/gcc/avr/5.4.0/avr5\libgcc.a(_udivmodsi4.o)
                0x00002e00                __udivmodsi4
 .text.libgcc.div
                0x00002e44       0x2e c:/program files (x86)/atmel/studio/7.0/toolchain/avr8/avr8-gnu-toolchain/bin/../lib/gcc/avr/5.4.0/avr5\libgcc.a(_divmodsi4.o)
                0x00002e44                __divmodsi4
 .text.libgcc.div
                0x00002e72       0x10 c:/program files (x86)/atmel/studio/7.0/toolchain/avr8/avr8-gnu-toolchain/bin/../lib/gcc/avr/5.4.0/avr5\libgcc.a(_negsi2.o)
                0x00002e72                __negsi2
 .text.libgcc.mul
                0x00002e82       0x1e c:/program files (x86)/atmel/studio/7.0/toolchain/avr8/avr8-gnu-toolchain/bin/../lib/gcc/avr/5.4.0/avr5\libgcc.a(_umulhisi3.o)
                0x00002e82                __umulhisi3
 .text.libgcc.mul
                0x00002ea0       0x16 c:/program files (x86)/atmel/studio/7.0/toolchain/avr8/avr8-gnu-toolchain/bin/../lib/gcc/avr/5.4.0/avr5\libgcc.a(_muluhisi3.o)
                0x00002ea0                __muluhisi3
 .text.libgcc.div
                0x00002eb6       0x28 c:/program files (x86)/atmel/studio/7.0/toolchain/avr8/avr8-gnu-toolchain/bin/../lib/gcc/avr/5.4.0/avr5\libgcc.a(_udivmodhi4.o)
                0x00002eb6                __udivmodhi4
 .text.avr-libc
                0x00002ede       0x12 c:/program files (x86)/atmel/studio/7.0/toolchain/avr8/avr8-gnu-toolchain/bin/../lib/gcc/avr/5.4.0/../../../../avr/lib/avr5\libc.a(strcmp.o)
                0x00002ede                strcmp
 .text.avr-libc
                0x00002ef0       0x1c c:/program files (x86)/atmel/studio/7.0/toolchain/avr8/avr8-gnu-toolchain/bin/../lib/gcc/avr/5.4.0/../../../../avr/lib/avr5\libc.a(strncmp.o)
                0x00002ef0                strncmp
 .text.avr-libc
                0x00002f0c       0x32 c:/program files (x86)/atmel/studio/7.0/toolchain/avr8/avr8-gnu-toolchain/bin/../lib/gcc/avr/5.4.0/../../../../avr/lib/avr5\libc.a(sscanf.o)
                0x00002f0c                sscanf
 .text.avr-libc
                0x00002f3e      0x55a c:/program files (x86)/atmel/studio/7.0/toolchain/avr8/avr8-gnu-toolchain/bin/../lib/gcc/avr/5.4.0/../../../../avr/lib/avr5\libc.a(vfscanf_std.o)
                0x00003276                vfscanf
 .text.avr-libc
                0x00003498       0x12 c:/program files (x86)/atmel/studio/7.0/toolchain/avr8/avr8-gnu-toolchain/bin/../lib/gcc/avr/5.4.0/../../../../avr/lib/avr5\libc.a(isspace.o)
                0x00003498                isspace
 .text.avr-libc
                0x000034aa       0x16 c:/program files (x86)/atmel/studio/7.0/toolchain/avr8/avr8-gnu-toolchain/bin/../lib/gcc/avr/5.4.0/../../../../avr/lib/avr5\libc.a(strchr_P.o)
                0x000034aa                strchr_P
 .text.avr-libc
                0x000034c0       0x7c c:/program files (x86)/atmel/studio/7.0/toolchain/avr8/avr8-gnu-toolchain/bin/../lib/gcc/avr/5.4.0/../../../../avr/lib/avr5\libc.a(fgetc.o)
                0x000034c0                fgetc
 .text.avr-libc
                0x0000353c       0x32 c:/program files (x86)/atmel/studio/7.0/toolchain/avr8/avr8-gnu-toolchain/bin/../lib/gcc/avr/5.4.0/../../../../avr/lib/avr5\libc.a(ungetc.o)
                0x0000353c                ungetc
 .text.avr-libc
                0x0000356e        0x6 c:/program files (x86)/atmel/studio/7.0/toolchain/avr8/avr8-gnu-toolchain/bin/../lib/gcc/avr/5.4.0/../../../../avr/lib/avr5\libc.a(cty_isfalse.o)
                0x0000356e                __ctype_isfalse
                0x00003572                __ctype_istrue
 .text.libgcc.prologue
                0x00003574       0x38 c:/program files (x86)/atmel/studio/7.0/toolchain/avr8/avr8-gnu-toolchain/bin/../lib/gcc/avr/5.4.0/avr5\libgcc.a(_prologue.o)
                0x00003574                __prologue_saves__
 .text.libgcc.prologue
                0x000035ac       0x36 c:/program files (x86)/atmel/studio/7.0/toolchain/avr8/avr8-gnu-toolchain/bin/../lib/gcc/avr/5.4.0/avr5\libgcc.a(_epilogue.o)
                0x000035ac                __epilogue_restores__
                0x000035e2                . = ALIGN (0x2)
 *(.fini9)
 .fini9         0x000035e2        0x0 c:/program files (x86)/atmel/studio/7.0/toolchain/avr8/avr8-gnu-toolchain/bin/../lib/gcc/avr/5.4.0/avr5\libgcc.a(_exit.o)
                0x000035e2                _exit
                0x000035e2                exit
 *(.fini9)
 *(.fini8)
 *(.fini8)
 *(.fini7)
 *(.fini7)
 *(.fini6)
 *(.fini6)
 *(.fini5)
 *(.fini5)
 *(.fini4)
 *(.fini4)
 *(.fini3)
 *(.fini3)
 *(.fini2)
 *(.fini2)
 *(.fini1)
 *(.fini1)
 *(.fini0)
 .fini0         0x000035e2        0x4 c:/program files (x86)/atmel/studio/7.0/toolchain/avr8/avr8-gnu-toolchain/bin/../lib/gcc/avr/5.4.0/avr5\libgcc.a(_exit.o)
 *(.fini0)
                0x000035e6                _etext = .

.data           0x00800060       0x6c load address 0x000035e6
                0x00800060                PROVIDE (__data_start, .)
 *(.data)
 *(.data*)
 .data.is_dst_active
                0x00800060        0x1 main.o
                0x00800060                is_dst_active
 .data.system_awake
                0x00800061        0x1 main.o
                0x00800061                system_awake
 .data.current_adhan
                0x00800062        0x1 main.o
                0x00800062                current_adhan
 *(.gnu.linkonce.d*)
 *(.rodata)
 .rodata        0x00800063        0xa seven_segment.o
 *(.rodata*)
 .rodata.str1.1
                0x0080006d       0x43 main.o
 .rodata.digit_map
                0x008000b0       0x10 main.o
                0x008000b0                digit_map
 .rodata.day_leds_data
                0x008000c0        0x7 main.o
                0x008000c0                day_leds_data
 .rodata.prayer_leds_data
                0x008000c7        0x5 main.o
                0x008000c7                prayer_leds_data
 *(.gnu.linkonce.r*)
                0x008000cc                . = ALIGN (0x2)
                0x008000cc                _edata = .
                0x008000cc                PROVIDE (__data_end, .)

.bss            0x008000cc       0x51
                0x008000cc                PROVIDE (__bss_start, .)
 *(.bss)
 *(.bss*)
 .bss.buzzer_counter.2326
                0x008000cc        0x2 main.o
 .bss.hijri_day_offset_new
                0x008000ce        0x1 main.o
                0x008000ce                hijri_day_offset_new
 .bss.hijri_toggle
                0x008000cf        0x1 main.o
                0x008000cf                hijri_toggle
 .bss.temp_digit
                0x008000d0        0x2 main.o
                0x008000d0                temp_digit
 .bss.uart_index
                0x008000d2        0x1 main.o
                0x008000d2                uart_index
 .bss.last_displayed_day
                0x008000d3        0x1 main.o
                0x008000d3                last_displayed_day
 .bss.year      0x008000d4        0x1 main.o
                0x008000d4                year
 .bss.month     0x008000d5        0x1 main.o
                0x008000d5                month
 .bss.day       0x008000d6        0x1 main.o
                0x008000d6                day
 .bss.dayofweek
                0x008000d7        0x1 main.o
                0x008000d7                dayofweek
 .bss.seconds   0x008000d8        0x1 main.o
                0x008000d8                seconds
 .bss.minutes   0x008000d9        0x1 main.o
                0x008000d9                minutes
 .bss.hours     0x008000da        0x1 main.o
                0x008000da                hours
 .bss.power_save_enabled
                0x008000db        0x1 main.o
                0x008000db                power_save_enabled
 .bss.current_prayer
                0x008000dc        0x1 main.o
                0x008000dc                current_prayer
 .bss.motion_idle_counter
                0x008000dd        0x4 main.o
                0x008000dd                motion_idle_counter
 .bss.alarm_beep_count
                0x008000e1        0x1 main.o
                0x008000e1                alarm_beep_count
 .bss.is_alarm_sounding
                0x008000e2        0x1 main.o
                0x008000e2                is_alarm_sounding
 .bss.buzzer_off_time
                0x008000e3        0x2 main.o
                0x008000e3                buzzer_off_time
 .bss.buzzer_on_time
                0x008000e5        0x2 main.o
                0x008000e5                buzzer_on_time
 .bss.buzzer_on
                0x008000e7        0x1 main.o
                0x008000e7                buzzer_on
 .bss.five_sec_counter
                0x008000e8        0x2 main.o
                0x008000e8                five_sec_counter
 .bss.ms_counter
                0x008000ea        0x2 main.o
                0x008000ea                ms_counter
 .bss.current_digit
                0x008000ec        0x1 main.o
                0x008000ec                current_digit
 *(COMMON)
 COMMON         0x008000ed       0x30 main.o
                0x008000ed                digit_values
                0x008000fd                Temp
                0x008000ff                prayer_times
                0x00800109                uart_buffer
                0x0080011d                PROVIDE (__bss_end, .)
                0x000035e6                __data_load_start = LOADADDR (.data)
                0x00003652                __data_load_end = (__data_load_start + SIZEOF (.data))

.noinit         0x0080011d        0x0
                [!provide]                PROVIDE (__noinit_start, .)
 *(.noinit*)
                [!provide]                PROVIDE (__noinit_end, .)
                0x0080011d                _end = .
                [!provide]                PROVIDE (__heap_start, .)

.eeprom         0x00810000        0x0
 *(.eeprom*)
                0x00810000                __eeprom_end = .

.fuse
 *(.fuse)
 *(.lfuse)
 *(.hfuse)
 *(.efuse)

.lock
 *(.lock*)

.signature
 *(.signature*)

.user_signatures
 *(.user_signatures*)

.stab
 *(.stab)

.stabstr
 *(.stabstr)

.stab.excl
 *(.stab.excl)

.stab.exclstr
 *(.stab.exclstr)

.stab.index
 *(.stab.index)

.stab.indexstr
 *(.stab.indexstr)

.comment        0x00000000       0x5c
 *(.comment)
 .comment       0x00000000       0x30 EEPROM_driver.o
                                 0x31 (size before relaxing)
 .comment       0x00000030       0x31 HijriConverter.o
 .comment       0x00000030       0x31 USART.o
 .comment       0x00000030       0x31 DIO.o
 .comment       0x00000030       0x31 DS3231.o
 .comment       0x00000030       0x31 I2C.o
 .comment       0x00000030       0x31 main.o
 .comment       0x00000030       0x31 prayerTimes.o
 .comment       0x00000030       0x31 seven_segment.o
 .comment       0x00000030       0x31 SHIFTREGISTER.o
 .comment       0x00000030       0x31 c:/program files (x86)/atmel/studio/7.0/toolchain/avr8/avr8-gnu-toolchain/bin/../lib/gcc/avr/5.4.0/../../../../avr/lib/avr5\libc.a(sscanf.o)
 .comment       0x00000030       0x2c c:/program files (x86)/atmel/studio/7.0/toolchain/avr8/avr8-gnu-toolchain/bin/../lib/gcc/avr/5.4.0/../../../../avr/lib/avr5\libc.a(vfscanf_std.o)
                                 0x2d (size before relaxing)
 .comment       0x0000005c       0x31 c:/program files (x86)/atmel/studio/7.0/toolchain/avr8/avr8-gnu-toolchain/bin/../lib/gcc/avr/5.4.0/../../../../avr/lib/avr5\libc.a(fgetc.o)
 .comment       0x0000005c       0x31 c:/program files (x86)/atmel/studio/7.0/toolchain/avr8/avr8-gnu-toolchain/bin/../lib/gcc/avr/5.4.0/../../../../avr/lib/avr5\libc.a(ungetc.o)

.note.gnu.avr.deviceinfo
                0x00000000       0x3c
 .note.gnu.avr.deviceinfo
                0x00000000       0x3c C:/Program Files (x86)/Atmel/Studio/7.0/Packs/atmel/ATmega_DFP/1.7.374/gcc/dev/atmega32/avr5/crtatmega32.o

.note.gnu.build-id
 *(.note.gnu.build-id)

.debug
 *(.debug)

.line
 *(.line)

.debug_srcinfo
 *(.debug_srcinfo)

.debug_sfnames
 *(.debug_sfnames)

.debug_aranges  0x00000000      0x308
 *(.debug_aranges)
 .debug_aranges
                0x00000000       0x28 EEPROM_driver.o
 .debug_aranges
                0x00000028       0x30 HijriConverter.o
 .debug_aranges
                0x00000058       0x38 USART.o
 .debug_aranges
                0x00000090       0x50 DIO.o
 .debug_aranges
                0x000000e0       0x78 DS3231.o
 .debug_aranges
                0x00000158       0x58 I2C.o
 .debug_aranges
                0x000001b0       0x98 main.o
 .debug_aranges
                0x00000248       0x50 prayerTimes.o
 .debug_aranges
                0x00000298       0x38 seven_segment.o
 .debug_aranges
                0x000002d0       0x38 SHIFTREGISTER.o

.debug_pubnames
 *(.debug_pubnames)

.debug_info     0x00000000     0x3b97
 *(.debug_info .gnu.linkonce.wi.*)
 .debug_info    0x00000000      0x4e6 C:/Program Files (x86)/Atmel/Studio/7.0/Packs/atmel/ATmega_DFP/1.7.374/gcc/dev/atmega32/avr5/crtatmega32.o
 .debug_info    0x000004e6       0xd8 EEPROM_driver.o
 .debug_info    0x000005be      0x274 HijriConverter.o
 .debug_info    0x00000832      0x157 USART.o
 .debug_info    0x00000989      0x217 DIO.o
 .debug_info    0x00000ba0      0x988 DS3231.o
 .debug_info    0x00001528      0x161 I2C.o
 .debug_info    0x00001689     0x1545 main.o
 .debug_info    0x00002bce      0x8ab prayerTimes.o
 .debug_info    0x00003479      0x276 seven_segment.o
 .debug_info    0x000036ef      0x4a8 SHIFTREGISTER.o

.debug_abbrev   0x00000000      0xfc3
 *(.debug_abbrev)
 .debug_abbrev  0x00000000      0x4a3 C:/Program Files (x86)/Atmel/Studio/7.0/Packs/atmel/ATmega_DFP/1.7.374/gcc/dev/atmega32/avr5/crtatmega32.o
 .debug_abbrev  0x000004a3       0x8b EEPROM_driver.o
 .debug_abbrev  0x0000052e       0xf0 HijriConverter.o
 .debug_abbrev  0x0000061e       0xfd USART.o
 .debug_abbrev  0x0000071b       0xb4 DIO.o
 .debug_abbrev  0x000007cf      0x129 DS3231.o
 .debug_abbrev  0x000008f8       0x94 I2C.o
 .debug_abbrev  0x0000098c      0x2d4 main.o
 .debug_abbrev  0x00000c60      0x144 prayerTimes.o
 .debug_abbrev  0x00000da4       0xd3 seven_segment.o
 .debug_abbrev  0x00000e77      0x14c SHIFTREGISTER.o

.debug_line     0x00000000     0x1c36
 *(.debug_line .debug_line.* .debug_line_end)
 .debug_line    0x00000000      0x116 C:/Program Files (x86)/Atmel/Studio/7.0/Packs/atmel/ATmega_DFP/1.7.374/gcc/dev/atmega32/avr5/crtatmega32.o
 .debug_line    0x00000116       0xfe EEPROM_driver.o
 .debug_line    0x00000214      0x13b HijriConverter.o
 .debug_line    0x0000034f      0x124 USART.o
 .debug_line    0x00000473      0x2b3 DIO.o
 .debug_line    0x00000726      0x3e2 DS3231.o
 .debug_line    0x00000b08      0x1b6 I2C.o
 .debug_line    0x00000cbe      0x9df main.o
 .debug_line    0x0000169d      0x223 prayerTimes.o
 .debug_line    0x000018c0      0x137 seven_segment.o
 .debug_line    0x000019f7      0x23f SHIFTREGISTER.o

.debug_frame    0x00000000      0x9d4
 *(.debug_frame)
 .debug_frame   0x00000000       0x34 EEPROM_driver.o
 .debug_frame   0x00000034      0x114 HijriConverter.o
 .debug_frame   0x00000148       0x54 USART.o
 .debug_frame   0x0000019c       0x84 DIO.o
 .debug_frame   0x00000220      0x174 DS3231.o
 .debug_frame   0x00000394       0x94 I2C.o
 .debug_frame   0x00000428      0x26c main.o
 .debug_frame   0x00000694      0x250 prayerTimes.o
 .debug_frame   0x000008e4       0x74 seven_segment.o
 .debug_frame   0x00000958       0x7c SHIFTREGISTER.o

.debug_str      0x00000000      0xbee
 *(.debug_str)
 .debug_str     0x00000000      0x196 C:/Program Files (x86)/Atmel/Studio/7.0/Packs/atmel/ATmega_DFP/1.7.374/gcc/dev/atmega32/avr5/crtatmega32.o
 .debug_str     0x00000196      0x16e EEPROM_driver.o
                                0x1af (size before relaxing)
 .debug_str     0x00000304       0x9e HijriConverter.o
                                0x211 (size before relaxing)
 .debug_str     0x000003a2       0x55 USART.o
                                0x1d3 (size before relaxing)
 .debug_str     0x000003f7       0xae DIO.o
                                0x21f (size before relaxing)
 .debug_str     0x000004a5      0x170 DS3231.o
                                0x2e9 (size before relaxing)
 .debug_str     0x00000615       0x25 I2C.o
                                0x1ff (size before relaxing)
 .debug_str     0x0000063a      0x4c2 main.o
                                0x789 (size before relaxing)
 .debug_str     0x00000afc       0xaf prayerTimes.o
                                0x242 (size before relaxing)
 .debug_str     0x00000bab       0x1f seven_segment.o
                                0x210 (size before relaxing)
 .debug_str     0x00000bca       0x24 SHIFTREGISTER.o
                                0x248 (size before relaxing)

.debug_loc      0x00000000     0x295e
 *(.debug_loc)
 .debug_loc     0x00000000       0x26 EEPROM_driver.o
 .debug_loc     0x00000026      0x65c HijriConverter.o
 .debug_loc     0x00000682       0x80 USART.o
 .debug_loc     0x00000702      0x333 DIO.o
 .debug_loc     0x00000a35      0x6b1 DS3231.o
 .debug_loc     0x000010e6       0x9c I2C.o
 .debug_loc     0x00001182      0x7a9 main.o
 .debug_loc     0x0000192b      0xc43 prayerTimes.o
 .debug_loc     0x0000256e      0x112 seven_segment.o
 .debug_loc     0x00002680      0x2de SHIFTREGISTER.o

.debug_macinfo
 *(.debug_macinfo)

.debug_weaknames
 *(.debug_weaknames)

.debug_funcnames
 *(.debug_funcnames)

.debug_typenames
 *(.debug_typenames)

.debug_varnames
 *(.debug_varnames)

.debug_pubtypes
 *(.debug_pubtypes)

.debug_ranges   0x00000000      0x268
 *(.debug_ranges)
 .debug_ranges  0x00000000       0x18 EEPROM_driver.o
 .debug_ranges  0x00000018       0x20 HijriConverter.o
 .debug_ranges  0x00000038       0x28 USART.o
 .debug_ranges  0x00000060       0x40 DIO.o
 .debug_ranges  0x000000a0       0x68 DS3231.o
 .debug_ranges  0x00000108       0x48 I2C.o
 .debug_ranges  0x00000150       0x88 main.o
 .debug_ranges  0x000001d8       0x40 prayerTimes.o
 .debug_ranges  0x00000218       0x28 seven_segment.o
 .debug_ranges  0x00000240       0x28 SHIFTREGISTER.o

.debug_macro
 *(.debug_macro)
OUTPUT(Clock Project.elf elf32-avr)
LOAD linker stubs
